// Jest Snapshot v1, https://goo.gl/fbAQLP

exports[`renders correctly 1`] = `
<styled.div>
  <styled.div>
    <Rating
      apiError={false}
    />
  </styled.div>
  <styled.div>
    <StatsSection
      apiError={false}
      title="Rating aspects"
    />
  </styled.div>
  <styled.div>
    <StatsSection
      apiError={false}
      title="Traveled with"
    />
  </styled.div>
</styled.div>
`;
